[    6799ms] [WARNING] Failed to execute 'postMessage' on 'DOMWindow': The target origin provided ('https://www.youtube.com') does not match the recipient window's origin ('https://www.google.com'). @ https://www.youtube.com/s/player/e937390a/www-widgetapi.vflset/www-widgetapi.js:162
[    9079ms] [LOG] 1DS Initialized.. @ https://www.microsoft.com/golf/etc.clientlibs/microsoft/components/structure/page/clientlibs/custom-oneds.ACSHASH2b7224aac4ea4007cb4436ebcdc8cec8.min.js:0
[    9132ms] [LOG] MWF v2.8.1 @ https://www.microsoft.com/golf/etc.clientlibs/onecloud/clientlibs/clientlib-mwf-new/main-teams.ACSHASHfe9d5283cc0a38f995b64bf0f39192eb.min.js:13154
[    9134ms] [LOG] gpc opt-in @ https://www.microsoft.com/golf/etc.clientlibs/microsoft/clientlibs/cookie-compliance-manager.ACSHASHdec0d75e509be6ebf6b36ff24c516111.min.js:4
[    9134ms] [LOG] Clarity consent granted @ https://www.microsoft.com/golf/etc.clientlibs/microsoft/clientlibs/cookie-compliance-manager.ACSHASHdec0d75e509be6ebf6b36ff24c516111.min.js:4
[    9137ms] [INFO] [WC Visibility Fix] None of the target tags were found in the DOM. @ https://www.microsoft.com/msonecloudapi/assets/msocbody.js:728
[    9159ms] [LOG] Clarity loaded @ https://www.microsoft.com/msonecloudapi/assets/msocbody.js:700
[    9186ms] [LOG] Clarity consent granted @ https://www.microsoft.com/golf/etc.clientlibs/microsoft/clientlibs/cookie-compliance-manager.ACSHASHdec0d75e509be6ebf6b36ff24c516111.min.js:4
[    9480ms] [LOG] new condition found @ https://assets.adobedtm.com/launch-ENc0cbffaf0f8248c3a934a56818d7737e.min.js:9
[    9800ms] [INFO] BSSO Telemetry: {"result":"Error","error":"NoExtension","type":"ChromeSsoTelemetry","data":{},"traces":["BrowserSSO Initialized","Creating ChromeBrowserCore provider","Sending message for method CreateProviderAsync","Received message for method CreateProviderAsync","Error: ChromeBrowserCore error NoExtension: Extension is not installed."]} @ https://aadcdn.msauth.net/shared/1.0/content/js/BssoInterrupt_Core_ErpvjItU9msAGXoFTg5Icg2.js:17
[   25219ms] [WARNING] An iframe which has both allow-scripts and allow-same-origin for its sandbox attribute can escape its sandboxing. @ https://teams.public.onecdn.static.microsoft/hashedjs-launcher/launcher.4e2f9ef45b07febf33e8.js:1
[   25295ms] [ERROR] Failed to launch 'msteams:/meet/454580977368574?laentry=hero&p=xV7Vb7mc&anon=true&deeplinkId=3ab4a4b6-04bf-4f4e-a86a-81023f84a03b&launchAgent=marketing_join&type=meet&directDl=true&msLaunch=true&enableMobilePage=true&fqdn=teams.microsoft.com' because the scheme does not have a registered handler. @ https://teams.microsoft.com/dl/launcher/launcher.html?url=%2F_%23%2Fmeet%2F454580977368574%3FlaunchAgent%3Dmarketing_join%26laentry%3Dhero%26p%3DxV7Vb7mc%26anon%3Dtrue&type=meet&deeplinkId=0026395d-aad7-483e-b6b6-58a8ff4de96f&directDl=true&msLaunch=true&enableMobilePage=true&suppressPrompt=true:0
[   25682ms] [INFO] BSSO Telemetry: {"result":"Error","error":"NoExtension","type":"ChromeSsoTelemetry","data":{},"traces":["BrowserSSO Initialized","Creating ChromeBrowserCore provider","Sending message for method CreateProviderAsync","Received message for method CreateProviderAsync","Error: ChromeBrowserCore error NoExtension: Extension is not installed."]} @ https://aadcdn.msftauth.net/shared/1.0/content/js/BssoInterrupt_Core_ErpvjItU9msAGXoFTg5Icg2.js:17
[   26183ms] [LOG] true @ https://login.live.com/Me.htm?v=3:0
[   26183ms] [LOG] Storage access: false @ https://login.live.com/Me.htm?v=3:0
[   26252ms] [WARNING] An iframe which has both allow-scripts and allow-same-origin for its sandbox attribute can escape its sandboxing. @ https://teams.microsoft.com/v2/authv2?error=interaction_required&error_description=Session+information+is+not+sufficient+for+single-sign-on.:0
[   26749ms] [ERROR] Failed to load resource: the server responded with a status of 403 () @ https://browser.pipe.aria.microsoft.com/Collector/3.0/?qsp=true&content-type=application%2Fbond-compact-binary&client-id=NO_AUTH&sdk-version=AWT-Web-JS-1.8.6&x-apikey=bc3902d8132f43e3ae086a009979fa88-632130b2-9455-44a6-80e2-d7457b6eb8ca-7193&client-time-epoch-millis=1788368474796&time-delta-to-apply-millis=use-collector-delta:0
[   27235ms] [ERROR] Failed to load resource: the server responded with a status of 403 () @ https://browser.pipe.aria.microsoft.com/Collector/3.0/?qsp=true&content-type=application%2Fbond-compact-binary&client-id=NO_AUTH&sdk-version=AWT-Web-JS-1.8.6&x-apikey=bc3902d8132f43e3ae086a009979fa88-632130b2-9455-44a6-80e2-d7457b6eb8ca-7193&client-time-epoch-millis=1788368475806:0
[   28454ms] [LOG] [ExpLoader] Getting things ready... @ https://teams.microsoft.com/v2/?meetingjoin=true:54
[   28460ms] [WARNING] [ExpLoader] ExperienceLoader: OCDI redirect: Not redirecting - not enabled @ https://teams.microsoft.com/v2/?meetingjoin=true:54
[   30975ms] [LOG] [Auth]: auth_cache initialized @ https://teams.microsoft.com/v2/?meetingjoin=true:54
[   30975ms] [LOG] [Auth]: authTelemetryProvider initialized @ https://teams.microsoft.com/v2/?meetingjoin=true:54
[   30977ms] [LOG] [Auth]: [Telemetry][a3f0c4ca-40cd-4188-976b-ec3dcfaebc42][auth_web_initialization] [start] - telemetry provider created for createAuthenticationServiceInstance, source: core-auth-tasks::init with shouldCreateScenario: [true] @ https://teams.microsoft.com/v2/?meetingjoin=true:54
[   31120ms] [ERROR] Unhandled error/rejection {"isTrusted":true} @ https://teams.microsoft.com/v2/?meetingjoin=true:54
[   31248ms] [WARNING] An iframe which has both allow-scripts and allow-same-origin for its sandbox attribute can escape its sandboxing. @ https://teams.public.onecdn.static.microsoft/teams-modular-packages/hashed-assets/32990-231644c8e56b0850.js:0
[   31523ms] [INFO] BSSO Telemetry: {"result":"Error","error":"NoExtension","type":"ChromeSsoTelemetry","data":{},"traces":["BrowserSSO Initialized","Creating ChromeBrowserCore provider","Sending message for method CreateProviderAsync","Received message for method CreateProviderAsync","Error: ChromeBrowserCore error NoExtension: Extension is not installed."]} @ https://aadcdn.msauth.net/shared/1.0/content/js/BssoInterrupt_Core_qyZSHzeyMyFRCEh9FS-4BQ2.js:17
[   31796ms] [WARNING] An iframe which has both allow-scripts and allow-same-origin for its sandbox attribute can escape its sandboxing. @ https://teams.microsoft.com/v2/authv2#error=login_required&error_description=AADSTS50058%3a+A+silent+sign-in+request+was+sent+but+no+user+is+signed+in.+The+cookies+used+to+represent+the+user%27s+session+were+not+sent+in+the+request+to+Azure+AD.+This+can+happen+if+the+user+is+using+Internet+Explorer+or+Edge%2c+and+the+web+app+sending+the+silent+sign-in+request+is+in+different+IE+security+zone+than+the+Azure+AD+endpoint+(login.microsoftonline.com).+Trace+ID%3a+bdd7e860-c42c-4887-a609-35e63d8b1900+Correlation+ID%3a+255b4965-0ed5-48e7-b4e1-6f950f9ac3b5+Timestamp%3a+2026-09-02+17%3a01%3a21Z&error_uri=https%3a%2f%2flogin.microsoftonline.com%2ferror%3fcode%3d50058&state=eyJpZCI6IjAxYTA2MzExLTY2NGUtNzZkMy1iYzNhLTljNTBiOTJlZjY3OSIsIm1ldGEiOnsiaW50ZXJhY3Rpb25UeXBlIjoic2lsZW50In19&clientdata=e%7c50058%7c%7cmicrosoftonline.com%7cnone:0
[   32027ms] [WARNING] An iframe which has both allow-scripts and allow-same-origin for its sandbox attribute can escape its sandboxing. @ https://teams.public.onecdn.static.microsoft/hashedjs-launcher/launcher.4e2f9ef45b07febf33e8.js:1
[   32093ms] [ERROR] Failed to load resource: the server responded with a status of 403 () @ https://browser.pipe.aria.microsoft.com/Collector/3.0/?qsp=true&content-type=application%2Fbond-compact-binary&client-id=NO_AUTH&sdk-version=AWT-Web-JS-1.8.6&x-apikey=a387cfcf60114a43a7699f9fbb49289e-9bceb9fe-1c06-460f-96c5-6a0b247358bc-7238,bc3902d8132f43e3ae086a009979fa88-632130b2-9455-44a6-80e2-d7457b6eb8ca-7193&client-time-epoch-millis=1788368480655&time-delta-to-apply-millis=use-collector-delta:0
[   33900ms] [LOG] [Auth]: auth_cache initialized @ https://teams.public.onecdn.static.microsoft/teams-modular-packages/hashed-assets/26901-34b629cb68cd4c94.js:6
[   33901ms] [LOG] [Auth]: authTelemetryProvider initialized @ https://teams.public.onecdn.static.microsoft/teams-modular-packages/hashed-assets/26901-34b629cb68cd4c94.js:6
[   33945ms] [ERROR] CoreSettings/EcsParameters: osVersion parsed from deviceInfo is not a proper semver 'NT 10.0'. @ https://teams.public.onecdn.static.microsoft/teams-modular-packages/hashed-assets/26901-34b629cb68cd4c94.js:0
[   34190ms] [ERROR] SkypeEcsConfigAdapter: osVersion parsed from deviceInfo is not a proper semver 'NT 10.0'. @ https://teams.public.onecdn.static.microsoft/teams-modular-packages/hashed-assets/26901-34b629cb68cd4c94.js:0
[   35377ms] [ERROR] i18n: The namespace "framework" has not been loaded. The only loaded namespaces: "calling, peoplePicker, auth, channels, recurrence, breakoutRooms" @ https://teams.public.onecdn.static.microsoft/teams-modular-packages/hashed-assets/26901-34b629cb68cd4c94.js:0
[   57603ms] Uncaught (in promise) getCallingConversationAsync is not implemented
    at setLoggingContext (https://teams.public.onecdn.static.microsoft/teams-modular-packages/hashed-assets/52423-7dd117780efe110d.js:66:5531)
[   57830ms] [LOG] Message received from main script @ https://teams.public.onecdn.static.microsoft/teams-modular-packages/hashed-assets/wasmvqe-web-worker-inner-80fb11ad5cf5b966.js:0
[   57892ms] [ERROR] callingAgents: calling-stack [JS.TsCalling.MediaAgent] ffffffff: MA/webrtc2-1/SSM/Sender_"Video":1/Sender Not setting up audio mixer for non-audio stream @ https://teams.public.onecdn.static.microsoft/teams-modular-packages/hashed-assets/26901-34b629cb68cd4c94.js:0
[   57951ms] [ERROR] callingAgents: calling-stack [JS.TsCalling.MediaAgentUnsafe] ffffffff: MA/webrtc2-1/negotiation Unknown SDP attributes! [{"value":"rtcp-xr:rcvr-rtt=all"}] @ https://teams.public.onecdn.static.microsoft/teams-modular-packages/hashed-assets/26901-34b629cb68cd4c94.js:0
[   57951ms] [ERROR] callingAgents: calling-stack [JS.TsCalling.MediaAgentUnsafe] ffffffff: MA/webrtc2-1/negotiation Unknown SDP attributes! [{"value":"rtcp-xr:rcvr-rtt=all"}] @ https://teams.public.onecdn.static.microsoft/teams-modular-packages/hashed-assets/26901-34b629cb68cd4c94.js:0
[   57952ms] [ERROR] callingAgents: calling-stack [JS.TsCalling.MediaAgentUnsafe] ffffffff: MA/webrtc2-1/negotiation Unknown SDP attributes! [{"value":"rtcp-xr:rcvr-rtt=all"}] @ https://teams.public.onecdn.static.microsoft/teams-modular-packages/hashed-assets/26901-34b629cb68cd4c94.js:0
[   57952ms] [ERROR] callingAgents: calling-stack [JS.TsCalling.MediaAgentUnsafe] ffffffff: MA/webrtc2-1/negotiation Unknown SDP attributes! [{"value":"rtcp-xr:rcvr-rtt=all"}] @ https://teams.public.onecdn.static.microsoft/teams-modular-packages/hashed-assets/26901-34b629cb68cd4c94.js:0
[   57952ms] [ERROR] callingAgents: calling-stack [JS.TsCalling.MediaAgentUnsafe] ffffffff: MA/webrtc2-1/negotiation Unknown SDP attributes! [{"value":"rtcp-xr:rcvr-rtt=all"}] @ https://teams.public.onecdn.static.microsoft/teams-modular-packages/hashed-assets/26901-34b629cb68cd4c94.js:0
[   57953ms] [ERROR] callingAgents: calling-stack [JS.TsCalling.MediaAgentUnsafe] ffffffff: MA/webrtc2-1/negotiation Unknown SDP attributes! [{"value":"rtcp-xr:rcvr-rtt=all"}] @ https://teams.public.onecdn.static.microsoft/teams-modular-packages/hashed-assets/26901-34b629cb68cd4c94.js:0
[   57953ms] [ERROR] callingAgents: calling-stack [JS.TsCalling.MediaAgentUnsafe] ffffffff: MA/webrtc2-1/negotiation Unknown SDP attributes! [{"value":"rtcp-xr:rcvr-rtt=all"}] @ https://teams.public.onecdn.static.microsoft/teams-modular-packages/hashed-assets/26901-34b629cb68cd4c94.js:0
[   57954ms] [ERROR] callingAgents: calling-stack [JS.TsCalling.MediaAgentUnsafe] ffffffff: MA/webrtc2-1/negotiation Unknown SDP attributes! [{"value":"rtcp-xr:rcvr-rtt=all"}] @ https://teams.public.onecdn.static.microsoft/teams-modular-packages/hashed-assets/26901-34b629cb68cd4c94.js:0
[   57954ms] [ERROR] callingAgents: calling-stack [JS.TsCalling.MediaAgentUnsafe] ffffffff: MA/webrtc2-1/negotiation Unknown SDP attributes! [{"value":"rtcp-xr:rcvr-rtt=all"}] @ https://teams.public.onecdn.static.microsoft/teams-modular-packages/hashed-assets/26901-34b629cb68cd4c94.js:0
[   57954ms] [ERROR] callingAgents: calling-stack [JS.TsCalling.MediaAgentUnsafe] ffffffff: MA/webrtc2-1/negotiation Unknown SDP attributes! [{"value":"rtcp-xr:rcvr-rtt=all"}] @ https://teams.public.onecdn.static.microsoft/teams-modular-packages/hashed-assets/26901-34b629cb68cd4c94.js:0
[   57955ms] [ERROR] callingAgents: calling-stack [JS.TsCalling.MediaAgentUnsafe] ffffffff: MA/webrtc2-1/negotiation Unknown SDP attributes! [{"value":"rtcp-xr:rcvr-rtt=all"}] @ https://teams.public.onecdn.static.microsoft/teams-modular-packages/hashed-assets/26901-34b629cb68cd4c94.js:0
[   57956ms] [ERROR] callingAgents: calling-stack [JS.TsCalling.MediaAgentUnsafe] ffffffff: MA/webrtc2-1/negotiation Unknown SDP attributes! [{"value":"rtcp-xr:rcvr-rtt=all"}] @ https://teams.public.onecdn.static.microsoft/teams-modular-packages/hashed-assets/26901-34b629cb68cd4c94.js:0
[   59580ms] Uncaught (in promise) getCallingConversationAsync is not implemented
    at setLoggingContext (https://teams.public.onecdn.static.microsoft/teams-modular-packages/hashed-assets/52423-7dd117780efe110d.js:66:5531)
[   60069ms] [ERROR] WebSocket connection to 'wss://apac.pptservicescast.officeapps.live.com/StateServiceHandler.ashx?docId=call_8e1d30b7-8be1-416c-9693-b32743e86254&clientType=Teams&cid=8aef61e7-0f43-4cab-a2d8-9f6f7c422940&routing=true&clientId=1d2cd3c2-1094-42cc-9bee-0de4c92bd009' failed: Error during WebSocket handshake: Unexpected response code: 403 @ https://teams.public.onecdn.static.microsoft/teams-modular-packages/hashed-assets/12903-8e1991d1a38d6615.js:54
[   60070ms] [ERROR] LiveStateBroadcastService: SimpleStateServiceProxy::connect - WebSocket onerror. {sessionId: call_8e1d30b7-8be1-416c-9693-b32743e86254, ClientId: 1d2cd3c2-1094-42cc-9bee-0de4c92bd009, Error: {"isTrusted":true}} @ https://teams.public.onecdn.static.microsoft/teams-modular-packages/hashed-assets/26901-34b629cb68cd4c94.js:0
[   60888ms] [ERROR] TaskManagerService: notify:: Task Execute Error - taskId CreateCoreSecurityTask, code=EXECUTION_FAILURE errorMsg={"type":"TrustedTypeError","code":"DUPLICATE_POLICY_FOUND","stack":"DUPLICATE_POLICY_FOUND Error: undefined\n    at o.configureCoreSecurityService (https://teams.public.onecdn.static.microsoft/teams-modular-packages/hashed-assets/26901-34b629cb68cd4c94.js:8:15183)\n    at mj.execute (https://teams.public.onecdn.static.microsoft/teams-modular-packages/hashed-assets/light-meetings-experience-d224c12a080f0259.js:38:12220)\n    at mj.executeSafe (https://teams.public.onecdn.static.microsoft/teams-modular-packages/hashed-assets/light-meetings-experience-d224c12a080f0259.js:23:72754)\n    at u (https://teams.public.onecdn.static.microsoft/teams-modular-packages/hashed-assets/light-meetings-experience-d224c12a080f0259.js:157:59459)\n    at m (https://teams.public.onecdn.static.microsoft/teams-modular-packages/hashed-assets/light-meetings-experience-d224c12a080f0259.js:157:59541)\n    at O9.notifyLifeCycleEvent (https://teams.public.onecdn.static.microsoft/teams-modular-packages/hashed-assets/light-meetings-experience-d224c12a080f0259.js:157:59553)\n    at async oB.createCoreServices (https://teams.public.onecdn.static.microsoft/teams-modular-packages/hashed-assets/light-meetings-experience-d224c12a080f0259.js:23:47907)\n    at async oQ.initializeCoreServices (https://teams.public.onecdn.static.microsoft/teams-modular-packages/hashed-assets/light-meetings-experience-d224c12a080f0259.js:23:56361)\n    at async oQ.init (https://teams.public.onecdn.static.microsoft/teams-modular-packages/hashed-assets/light-meetings-experience-d224c12a080f0259.js:23:55454)\n    at async eye (https://teams.public.onecdn.static.microsoft/teams-modular-packages/hashed-assets/main-cc2543809bc4206c.js:104:13427)","prevError":{"name":"Error","message":"ChunkLoader::coreSecurityService is already defined. Developer should not be calling configureCoreSecurityService multiple times in it's context","stack":[]}}. @ https://teams.public.onecdn.static.microsoft/teams-modular-packages/hashed-assets/26901-34b629cb68cd4c94.js:0
[   60913ms] [ERROR] TaskManagerService: notify:: Task Execute Error - taskId InitTelemetryMonitorsTask, code=MISSING_DEPENDENCIES errorMsg=["leakDetectorService"] are required, but not initialized.. @ https://teams.public.onecdn.static.microsoft/teams-modular-packages/hashed-assets/26901-34b629cb68cd4c94.js:0
[   60994ms] [ERROR] CoreSettings/EcsParameters: osVersion parsed from deviceInfo is not a proper semver 'NT 10.0'. @ https://teams.public.onecdn.static.microsoft/teams-modular-packages/hashed-assets/26901-34b629cb68cd4c94.js:0
[   61143ms] [ERROR] WebSocket connection to 'wss://apac.pptservicescast.officeapps.live.com/StateServiceHandler.ashx?docId=call_8e1d30b7-8be1-416c-9693-b32743e86254&clientType=Teams&cid=8aef61e7-0f43-4cab-a2d8-9f6f7c422940&routing=true&clientId=1d2cd3c2-1094-42cc-9bee-0de4c92bd009' failed: Error during WebSocket handshake: Unexpected response code: 403 @ https://teams.public.onecdn.static.microsoft/teams-modular-packages/hashed-assets/12903-8e1991d1a38d6615.js:54
[   61143ms] [ERROR] LiveStateBroadcastService: SimpleStateServiceProxy::connect - WebSocket onerror. {sessionId: call_8e1d30b7-8be1-416c-9693-b32743e86254, ClientId: 1d2cd3c2-1094-42cc-9bee-0de4c92bd009, Error: {"isTrusted":true}} @ https://teams.public.onecdn.static.microsoft/teams-modular-packages/hashed-assets/26901-34b629cb68cd4c94.js:0
[   63180ms] [ERROR] WebSocket connection to 'wss://apac.pptservicescast.officeapps.live.com/StateServiceHandler.ashx?docId=call_8e1d30b7-8be1-416c-9693-b32743e86254&clientType=Teams&cid=8aef61e7-0f43-4cab-a2d8-9f6f7c422940&routing=true&clientId=1d2cd3c2-1094-42cc-9bee-0de4c92bd009' failed: Error during WebSocket handshake: Unexpected response code: 403 @ https://teams.public.onecdn.static.microsoft/teams-modular-packages/hashed-assets/12903-8e1991d1a38d6615.js:54
[   63180ms] [ERROR] LiveStateBroadcastService: SimpleStateServiceProxy::connect - WebSocket onerror. {sessionId: call_8e1d30b7-8be1-416c-9693-b32743e86254, ClientId: 1d2cd3c2-1094-42cc-9bee-0de4c92bd009, Error: {"isTrusted":true}} @ https://teams.public.onecdn.static.microsoft/teams-modular-packages/hashed-assets/26901-34b629cb68cd4c94.js:0
[   65447ms] [ERROR] TaskManagerService: Failed 2 core tasks: CreateCoreSecurityTask,InitTelemetryMonitorsTask, lifeCycleEvent=Initialization:  Error: TaskManagerService::lifeCycleEvent=Initialization::NotInitialized
    at c (https://teams.public.onecdn.static.microsoft/teams-modular-packages/hashed-assets/main-cc2543809bc4206c.js:28:4855)
    at O9.logErrorSummary (https://teams.public.onecdn.static.microsoft/teams-modular-packages/hashed-assets/light-meetings-experience-d224c12a080f0259.js:157:62028)
    at O9.notifyLifeCycleEvent (https://teams.public.onecdn.static.microsoft/teams-modular-packages/hashed-assets/light-meetings-experience-d224c12a080f0259.js:157:59701)
    at async oB.createCoreServices (https://teams.public.onecdn.static.microsoft/teams-modular-packages/hashed-assets/light-meetings-experience-d224c12a080f0259.js:23:47907)
    at async oQ.initializeCoreServices (https://teams.public.onecdn.static.microsoft/teams-modular-packages/hashed-assets/light-meetings-experience-d224c12a080f0259.js:23:56361)
    at async oQ.init (https://teams.public.onecdn.static.microsoft/teams-modular-packages/hashed-assets/light-meetings-experience-d224c12a080f0259.js:23:55454)
    at async eye (https://teams.public.onecdn.static.microsoft/teams-modular-packages/hashed-assets/main-cc2543809bc4206c.js:104:13427)
    at async eyi (https://teams.public.onecdn.static.microsoft/teams-modular-packages/hashed-assets/main-cc2543809bc4206c.js:104:13865)
    at async eya (https://teams.public.onecdn.static.microsoft/teams-modular-packages/hashed-assets/main-cc2543809bc4206c.js:104:14414) @ https://teams.public.onecdn.static.microsoft/teams-modular-packages/hashed-assets/26901-34b629cb68cd4c94.js:0
[   65447ms] [ERROR] RenderingContextManager: [TaskError::CreateCoreSecurityTask::EXECUTION_FAILURE::undefined][TrustedTypeError::DUPLICATE_POLICY_FOUND][Error::ChunkLoader::coreSecurityService is already defined. Developer should not be calling configureCoreSecurityService multiple times in it's context] @ https://teams.public.onecdn.static.microsoft/teams-modular-packages/hashed-assets/26901-34b629cb68cd4c94.js:0
[   65448ms] [ERROR] RenderingContextManager: [TaskError::InitTelemetryMonitorsTask::MISSING_DEPENDENCIES::leakDetectorService] @ https://teams.public.onecdn.static.microsoft/teams-modular-packages/hashed-assets/26901-34b629cb68cd4c94.js:0
[   65505ms] [ERROR] CoreSettings/EcsParameters: osVersion parsed from deviceInfo is not a proper semver 'NT 10.0'. @ https://teams.public.onecdn.static.microsoft/teams-modular-packages/hashed-assets/26901-34b629cb68cd4c94.js:0
[   65833ms] [WARNING] The keyword 'slider-vertical' specified to an 'appearance' property is not standardized. It will be removed in the future. Use <input type=range style="writing-mode: vertical-lr; direction: rtl"> instead. @ https://teams.public.onecdn.static.microsoft/teams-modular-packages/hashed-assets/12903-8e1991d1a38d6615.js:0
[   65987ms] [ERROR] TaskManagerService: notify:: Task Execute Error - taskId SignalCoreLifecycleChangesTask, code=MISSING_DEPENDENCIES errorMsg=["proactiveSuggestionsService"] are required, but not initialized.. @ https://teams.public.onecdn.static.microsoft/teams-modular-packages/hashed-assets/26901-34b629cb68cd4c94.js:0
[   66007ms] [LOG] [Auth]: authTelemetryProvider initialized @ https://teams.public.onecdn.static.microsoft/teams-modular-packages/hashed-assets/26901-34b629cb68cd4c94.js:6
[   66011ms] [ERROR] TaskManagerService: Failed 1 core tasks: SignalCoreLifecycleChangesTask, lifeCycleEvent=OnUserAuthenticated:  Error: TaskManagerService::lifeCycleEvent=OnUserAuthenticated::NotInitialized
    at c (https://teams.public.onecdn.static.microsoft/teams-modular-packages/hashed-assets/main-cc2543809bc4206c.js:28:4855)
    at O9.logErrorSummary (https://teams.public.onecdn.static.microsoft/teams-modular-packages/hashed-assets/light-meetings-experience-d224c12a080f0259.js:157:62028)
    at O9.notifyLifeCycleEvent (https://teams.public.onecdn.static.microsoft/teams-modular-packages/hashed-assets/light-meetings-experience-d224c12a080f0259.js:157:59701)
    at async oB.createUserRenderingContext (https://teams.public.onecdn.static.microsoft/teams-modular-packages/hashed-assets/light-meetings-experience-d224c12a080f0259.js:23:53642)
    at async oB.createUserContextWithTelemetry (https://teams.public.onecdn.static.microsoft/teams-modular-packages/hashed-assets/light-meetings-experience-d224c12a080f0259.js:23:51581) @ https://teams.public.onecdn.static.microsoft/teams-modular-packages/hashed-assets/26901-34b629cb68cd4c94.js:0
[   66012ms] [ERROR] RenderingContextManager: [TaskError::SignalCoreLifecycleChangesTask::MISSING_DEPENDENCIES::proactiveSuggestionsService] @ https://teams.public.onecdn.static.microsoft/teams-modular-packages/hashed-assets/26901-34b629cb68cd4c94.js:0
[   66064ms] [ERROR] Failed to load resource: the server responded with a status of 401 () @ https://teams.microsoft.com/api/mt/apac/beta/atpsafelinks/getpolicy/:0
[   66084ms] [ERROR] ErrorStateProvider: Reported error for scenario unhandled_rejection_error: UnhandledPromiseRejection {showOops: false, errors: [lineno:undefined;colno:undefined], errorCode: UnhandledPromiseRejection, fileSource: undefined, extractedError: Stringifying error failed} @ https://teams.public.onecdn.static.microsoft/teams-modular-packages/hashed-assets/26901-34b629cb68cd4c94.js:0
[   66089ms] undefined
[   66114ms] [ERROR] Failed to load resource: the server responded with a status of 401 () @ https://teams.microsoft.com/api/mt/apac/beta/atpsafelinks/getpolicy/:0
[   66117ms] [ERROR] CID[Core-99c1a620-a999-41c2-abf4-b5b63c37a24a] AtpSafelinksService: AtpSafelinks GetPolicy API failed with Error: RequireStatusFailed @ https://teams.public.onecdn.static.microsoft/teams-modular-packages/hashed-assets/26901-34b629cb68cd4c94.js:0
[   66119ms] [ERROR] CID[Core-99c1a620-a999-41c2-abf4-b5b63c37a24a] AtpSafelinksService: Error getting ATP Safelinks policy: failed to retreive from local storage and service and received null @ https://teams.public.onecdn.static.microsoft/teams-modular-packages/hashed-assets/26901-34b629cb68cd4c94.js:0
[   66217ms] [ERROR] ExperienceLifeCycleManagerV2: failed to register window, could not find user anon.prod.72f988bf-86f1-41af-91ab-2d7cd011db47.undefined @ https://teams.public.onecdn.static.microsoft/teams-modular-packages/hashed-assets/66695-834aa1548f4b95a4.js:0
[   66364ms] [ERROR] ExperienceLifeCycleManagerV2: user not found for userContextId anon.prod.72f988bf-86f1-41af-91ab-2d7cd011db47.undefined @ https://teams.public.onecdn.static.microsoft/teams-modular-packages/hashed-assets/66695-834aa1548f4b95a4.js:0
[   66464ms] [ERROR] ExperienceLifeCycleManagerV2: user not found for userContextId anon.prod.72f988bf-86f1-41af-91ab-2d7cd011db47.undefined @ https://teams.public.onecdn.static.microsoft/teams-modular-packages/hashed-assets/66695-834aa1548f4b95a4.js:0
[   66483ms] [ERROR] resolverUncaughtErrorBoundary__doNotAssignToGraphQLTeam: Uncaught error in a GraphQL resolver for operation "allClientPreferences", at field selection path "allClientPreferences.animation.disableAnimations" @ https://teams.public.onecdn.static.microsoft/teams-modular-packages/hashed-assets/66695-834aa1548f4b95a4.js:0
[   66483ms] [ERROR] resolverUncaughtErrorBoundary__doNotAssignToGraphQLTeam: Uncaught error in a GraphQL resolver for operation "allClientPreferences", at field selection path "allClientPreferences.animation.disableAnimations" - resolverType=browser - {"message":"Cannot return null for non-nullable field AnimationPreferences.disableAnimations.","locations":[],"path":["allClientPreferences","animation","disableAnimations"]} @ https://teams.public.onecdn.static.microsoft/teams-modular-packages/hashed-assets/66695-834aa1548f4b95a4.js:0
[   66515ms] [ERROR] ExperienceLifeCycleManagerV2: user not found for userContextId anon.prod.72f988bf-86f1-41af-91ab-2d7cd011db47.undefined @ https://teams.public.onecdn.static.microsoft/teams-modular-packages/hashed-assets/66695-834aa1548f4b95a4.js:0
[   66516ms] [ERROR] ExperienceLifeCycleManagerV2: user not found for userContextId anon.prod.72f988bf-86f1-41af-91ab-2d7cd011db47.undefined @ https://teams.public.onecdn.static.microsoft/teams-modular-packages/hashed-assets/66695-834aa1548f4b95a4.js:0
[   66661ms] [ERROR] ExperienceLifeCycleManagerV2: user not found for userContextId anon.prod.72f988bf-86f1-41af-91ab-2d7cd011db47.undefined @ https://teams.public.onecdn.static.microsoft/teams-modular-packages/hashed-assets/66695-834aa1548f4b95a4.js:0
[   66683ms] [ERROR] ExperienceLifeCycleManagerV2: user not found for userContextId anon.prod.72f988bf-86f1-41af-91ab-2d7cd011db47.undefined @ https://teams.public.onecdn.static.microsoft/teams-modular-packages/hashed-assets/66695-834aa1548f4b95a4.js:0
[   66688ms] [ERROR] ExperienceLifeCycleManagerV2: user not found for userContextId anon.prod.72f988bf-86f1-41af-91ab-2d7cd011db47.undefined @ https://teams.public.onecdn.static.microsoft/teams-modular-packages/hashed-assets/66695-834aa1548f4b95a4.js:0
[   66989ms] [ERROR] ExperienceLifeCycleManagerV2: user not found for userContextId anon.prod.72f988bf-86f1-41af-91ab-2d7cd011db47.undefined @ https://teams.public.onecdn.static.microsoft/teams-modular-packages/hashed-assets/66695-834aa1548f4b95a4.js:0
[   67089ms] [ERROR] cdlwebworker: {errorCode:FailedToUpdate,component:ConversationFolderManager,message:setFolderTableVersion failed with Store is not initialized,hostRendererId:cdlwebworker} @ https://teams.public.onecdn.static.microsoft/teams-modular-packages/hashed-assets/26901-34b629cb68cd4c94.js:0
[   67834ms] [ERROR] WebSocket connection to 'wss://apac.pptservicescast.officeapps.live.com/StateServiceHandler.ashx?docId=call_8e1d30b7-8be1-416c-9693-b32743e86254&clientType=Teams&cid=8aef61e7-0f43-4cab-a2d8-9f6f7c422940&routing=true&clientId=1d2cd3c2-1094-42cc-9bee-0de4c92bd009' failed: Error during WebSocket handshake: Unexpected response code: 403 @ https://teams.public.onecdn.static.microsoft/teams-modular-packages/hashed-assets/12903-8e1991d1a38d6615.js:54
[   67835ms] [ERROR] LiveStateBroadcastService: SimpleStateServiceProxy::connect - WebSocket onerror. {sessionId: call_8e1d30b7-8be1-416c-9693-b32743e86254, ClientId: 1d2cd3c2-1094-42cc-9bee-0de4c92bd009, Error: {"isTrusted":true}} @ https://teams.public.onecdn.static.microsoft/teams-modular-packages/hashed-assets/66695-834aa1548f4b95a4.js:0
[   67836ms] [ERROR] LiveStateBroadcastService: SimpleStateServiceProxy::retryConnection reached max retry attempts. {sessionId: call_8e1d30b7-8be1-416c-9693-b32743e86254, ClientId: 1d2cd3c2-1094-42cc-9bee-0de4c92bd009} @ https://teams.public.onecdn.static.microsoft/teams-modular-packages/hashed-assets/66695-834aa1548f4b95a4.js:0
[   67836ms] [ERROR] LiveStateBroadcastService: failed to reconnect after WebSocket error: {"name":"Error","message":"reached max retry attempts","stack":[]} @ https://teams.public.onecdn.static.microsoft/teams-modular-packages/hashed-assets/66695-834aa1548f4b95a4.js:0
[   67837ms] [ERROR] LiveStateBroadcastService: SimpleStateServiceProxy::retryConnection failed. {sessionId: call_8e1d30b7-8be1-416c-9693-b32743e86254, ClientId: 1d2cd3c2-1094-42cc-9bee-0de4c92bd009}, failed to reconnect after WebSocket error: {"name":"Error","message":"reached max retry attempts","stack":[]} @ https://teams.public.onecdn.static.microsoft/teams-modular-packages/hashed-assets/66695-834aa1548f4b95a4.js:0
[   67837ms] [ERROR] LiveStateBroadcastService: failed to reconnect after WebSocket error: failed to reconnect after WebSocket error: {"name":"Error","message":"reached max retry attempts","stack":[]} @ https://teams.public.onecdn.static.microsoft/teams-modular-packages/hashed-assets/66695-834aa1548f4b95a4.js:0
[   67838ms] [ERROR] LiveStateBroadcastService: SimpleStateServiceProxy::retryConnection failed. {sessionId: call_8e1d30b7-8be1-416c-9693-b32743e86254, ClientId: 1d2cd3c2-1094-42cc-9bee-0de4c92bd009}, failed to reconnect after WebSocket error: failed to reconnect after WebSocket error: {"name":"Error","message":"reached max retry attempts","stack":[]} @ https://teams.public.onecdn.static.microsoft/teams-modular-packages/hashed-assets/66695-834aa1548f4b95a4.js:0
[   67838ms] [ERROR] LiveStateBroadcastService: failed to reconnect after WebSocket error: failed to reconnect after WebSocket error: failed to reconnect after WebSocket error: {"name":"Error","message":"reached max retry attempts","stack":[]} @ https://teams.public.onecdn.static.microsoft/teams-modular-packages/hashed-assets/66695-834aa1548f4b95a4.js:0
[   67838ms] [ERROR] LiveStateBroadcastService: SimpleStateServiceProxy::retryConnection failed. {sessionId: call_8e1d30b7-8be1-416c-9693-b32743e86254, ClientId: 1d2cd3c2-1094-42cc-9bee-0de4c92bd009}, failed to reconnect after WebSocket error: failed to reconnect after WebSocket error: failed to reconnect after WebSocket error: {"name":"Error","message":"reached max retry attempts","stack":[]} @ https://teams.public.onecdn.static.microsoft/teams-modular-packages/hashed-assets/66695-834aa1548f4b95a4.js:0
[   67838ms] [ERROR] LiveStateBroadcastService: failed to reconnect after WebSocket error: failed to reconnect after WebSocket error: failed to reconnect after WebSocket error: failed to reconnect after WebSocket error: {"name":"Error","message":"reached max retry attempts","stack":[]} @ https://teams.public.onecdn.static.microsoft/teams-modular-packages/hashed-assets/66695-834aa1548f4b95a4.js:0
[   67839ms] [ERROR] LiveStateBroadcastService: Failed to initialize state service connection: failed to reconnect after WebSocket error: failed to reconnect after WebSocket error: failed to reconnect after WebSocket error: failed to reconnect after WebSocket error: {"name":"Error","message":"reached max retry attempts","stack":[]} @ https://teams.public.onecdn.static.microsoft/teams-modular-packages/hashed-assets/66695-834aa1548f4b95a4.js:0
[   67842ms] [ERROR] LiveStateBroadcastService: Init failed for reactions-8e1d30b7-8be1-416c-9693-b32743e86254 experience @ https://teams.public.onecdn.static.microsoft/teams-modular-packages/hashed-assets/66695-834aa1548f4b95a4.js:0
[   67846ms] [ERROR] LiveStateBroadcastService: SimpleStateServiceProxy::connect - WebSocket onclose. {sessionId: call_8e1d30b7-8be1-416c-9693-b32743e86254, ClientId: 1d2cd3c2-1094-42cc-9bee-0de4c92bd009, Code: 1006, Reason: } @ https://teams.public.onecdn.static.microsoft/teams-modular-packages/hashed-assets/66695-834aa1548f4b95a4.js:0
[   67846ms] [ERROR] LiveStateBroadcastService: SimpleStateServiceProxy::retryConnection reached max retry attempts. {sessionId: call_8e1d30b7-8be1-416c-9693-b32743e86254, ClientId: 1d2cd3c2-1094-42cc-9bee-0de4c92bd009} @ https://teams.public.onecdn.static.microsoft/teams-modular-packages/hashed-assets/66695-834aa1548f4b95a4.js:0
[   67847ms] [ERROR] LiveStateBroadcastService: failed to reconnect after service side disconnect: {"name":"Error","message":"reached max retry attempts","stack":[]} @ https://teams.public.onecdn.static.microsoft/teams-modular-packages/hashed-assets/66695-834aa1548f4b95a4.js:0
[   67856ms] [ERROR] i18n: failed to import ./generated/resources/en-us/live-persona-card Error: ScriptCodeError, failed to load bundle: live-persona-card-locale-en-us
    at c (https://teams.public.onecdn.static.microsoft/teams-modular-packages/hashed-assets/main-cc2543809bc4206c.js:28:4855)
    at d (https://teams.public.onecdn.static.microsoft/teams-modular-packages/hashed-assets/26901-34b629cb68cd4c94.js:8:19195)
    at d (https://teams.public.onecdn.static.microsoft/teams-modular-packages/hashed-assets/26901-34b629cb68cd4c94.js:8:19354)
    at async g (https://teams.public.onecdn.static.microsoft/teams-modular-packages/hashed-assets/26901-34b629cb68cd4c94.js:8:19567)
    at async Promise.all (index 0) @ https://teams.public.onecdn.static.microsoft/teams-modular-packages/hashed-assets/66695-834aa1548f4b95a4.js:0
[   67856ms] [ERROR] i18n: failed to import ./generated/resources/en-us/presence Error: ScriptCodeError, failed to load bundle: presence-locale-en-us
    at c (https://teams.public.onecdn.static.microsoft/teams-modular-packages/hashed-assets/main-cc2543809bc4206c.js:28:4855)
    at d (https://teams.public.onecdn.static.microsoft/teams-modular-packages/hashed-assets/26901-34b629cb68cd4c94.js:8:19195)
    at d (https://teams.public.onecdn.static.microsoft/teams-modular-packages/hashed-assets/26901-34b629cb68cd4c94.js:8:19354)
    at async g (https://teams.public.onecdn.static.microsoft/teams-modular-packages/hashed-assets/26901-34b629cb68cd4c94.js:8:19567)
    at async Promise.all (index 1) @ https://teams.public.onecdn.static.microsoft/teams-modular-packages/hashed-assets/66695-834aa1548f4b95a4.js:0
[   68656ms] [ERROR] i18n: failed to import ./generated/resources/en-us/semantic-object Error: ScriptCodeError, failed to load bundle: semantic-object-locale-en-us
    at c (https://teams.public.onecdn.static.microsoft/teams-modular-packages/hashed-assets/main-cc2543809bc4206c.js:28:4855)
    at d (https://teams.public.onecdn.static.microsoft/teams-modular-packages/hashed-assets/26901-34b629cb68cd4c94.js:8:19195)
    at d (https://teams.public.onecdn.static.microsoft/teams-modular-packages/hashed-assets/26901-34b629cb68cd4c94.js:8:19354)
    at async g (https://teams.public.onecdn.static.microsoft/teams-modular-packages/hashed-assets/26901-34b629cb68cd4c94.js:8:19567)
    at async Promise.all (index 0) @ https://teams.public.onecdn.static.microsoft/teams-modular-packages/hashed-assets/66695-834aa1548f4b95a4.js:0
[   69189ms] [LOG] Message received from main script @ https://teams.public.onecdn.static.microsoft/teams-modular-packages/hashed-assets/wasmvqe-web-worker-inner-80fb11ad5cf5b966.js:0
[   69449ms] [ERROR] resolverUncaughtErrorBoundary__doNotAssignToGraphQLTeam: Uncaught error in a GraphQL resolver for operation "ComponentsComposeMessagePresenceBatchSubscription" @ https://teams.public.onecdn.static.microsoft/teams-modular-packages/hashed-assets/66695-834aa1548f4b95a4.js:0
[   69449ms] [ERROR] resolverUncaughtErrorBoundary__doNotAssignToGraphQLTeam: Uncaught error in a GraphQL resolver for operation "ComponentsComposeMessagePresenceBatchSubscription" - resolverType=browser - {"message":"Unexpected error value: \"Type definition for Subscription.presenceUpdateEventBatch is missing\"","locations":[]} @ https://teams.public.onecdn.static.microsoft/teams-modular-packages/hashed-assets/66695-834aa1548f4b95a4.js:0
[   69480ms] [ERROR] resolverUncaughtErrorBoundary__doNotAssignToGraphQLTeam: Uncaught error in a GraphQL resolver for operation "ComponentsPinnedMessageChatPinnedMessageEventsSubscription", at field selection path "chatPinnedMessageEvents" @ https://teams.public.onecdn.static.microsoft/teams-modular-packages/hashed-assets/66695-834aa1548f4b95a4.js:0
[   69480ms] [ERROR] resolverUncaughtErrorBoundary__doNotAssignToGraphQLTeam: Uncaught error in a GraphQL resolver for operation "ComponentsPinnedMessageChatPinnedMessageEventsSubscription", at field selection path "chatPinnedMessageEvents" - resolverType=browser - {"message":"Unexpected error value: \"Subscription field must return Async Iterable. Received: undefined.\"","locations":[],"path":["chatPinnedMessageEvents"]} @ https://teams.public.onecdn.static.microsoft/teams-modular-packages/hashed-assets/66695-834aa1548f4b95a4.js:0
[   70152ms] [ERROR] resolverUncaughtErrorBoundary__doNotAssignToGraphQLTeam: Uncaught error in a GraphQL resolver for operation "ComponentsChatQueriesSetConsumptionHorizonMutation", at field selection path "setConsumptionHorizon" @ https://teams.public.onecdn.static.microsoft/teams-modular-packages/hashed-assets/66695-834aa1548f4b95a4.js:0
[   70152ms] [ERROR] resolverUncaughtErrorBoundary__doNotAssignToGraphQLTeam: Uncaught error in a GraphQL resolver for operation "ComponentsChatQueriesSetConsumptionHorizonMutation", at field selection path "setConsumptionHorizon" - resolverType=browser - {"message":"Resolver for Mutation.setConsumptionHorizon is missing","locations":[],"path":["setConsumptionHorizon"]} @ https://teams.public.onecdn.static.microsoft/teams-modular-packages/hashed-assets/66695-834aa1548f4b95a4.js:0
[   70153ms] [ERROR] CID[main] useConsumptionHorizon: Failed to execute consumptionHorizon update mutation: convId 19:meeting_YzdmZTkxZWYtOGQxZi00YzYzLTg3NjktY2U1MDMzZmM1OTI3@thread.v2, messageId 1788368514105, clientMessageId , originalArrivalTime 1788368514105, error Error @ https://teams.public.onecdn.static.microsoft/teams-modular-packages/hashed-assets/66695-834aa1548f4b95a4.js:0
[   70153ms] [ERROR] CID[main] useConsumptionHorizon: updateConsumptionHorizons: Failed to update consumption horizon, convId: 19:meeting_YzdmZTkxZWYtOGQxZi00YzYzLTg3NjktY2U1MDMzZmM1OTI3@thread.v2. Unknown error. @ https://teams.public.onecdn.static.microsoft/teams-modular-packages/hashed-assets/66695-834aa1548f4b95a4.js:0
[   70518ms] [ERROR] resolverUncaughtErrorBoundary__doNotAssignToGraphQLTeam: Uncaught error in a GraphQL resolver for operation "ComponentsChatQueriesSetConsumptionHorizonMutation", at field selection path "setConsumptionHorizon" @ https://teams.public.onecdn.static.microsoft/teams-modular-packages/hashed-assets/66695-834aa1548f4b95a4.js:0
[   70518ms] [ERROR] resolverUncaughtErrorBoundary__doNotAssignToGraphQLTeam: Uncaught error in a GraphQL resolver for operation "ComponentsChatQueriesSetConsumptionHorizonMutation", at field selection path "setConsumptionHorizon" - resolverType=browser - {"message":"Resolver for Mutation.setConsumptionHorizon is missing","locations":[],"path":["setConsumptionHorizon"]} @ https://teams.public.onecdn.static.microsoft/teams-modular-packages/hashed-assets/66695-834aa1548f4b95a4.js:0
[   70518ms] [ERROR] CID[main] useConsumptionHorizon: Failed to execute consumptionHorizon update mutation: convId 19:meeting_YzdmZTkxZWYtOGQxZi00YzYzLTg3NjktY2U1MDMzZmM1OTI3@thread.v2, messageId 1788368514105, clientMessageId , originalArrivalTime 1788368514105, error Error @ https://teams.public.onecdn.static.microsoft/teams-modular-packages/hashed-assets/66695-834aa1548f4b95a4.js:0
[   70518ms] [ERROR] CID[main] useConsumptionHorizon: updateConsumptionHorizons: Failed to update consumption horizon, convId: 19:meeting_YzdmZTkxZWYtOGQxZi00YzYzLTg3NjktY2U1MDMzZmM1OTI3@thread.v2. Unknown error. @ https://teams.public.onecdn.static.microsoft/teams-modular-packages/hashed-assets/66695-834aa1548f4b95a4.js:0
[  109512ms] [ERROR] callingAgents: calling-stack [JS.TsCalling.MediaAgent] ffffffff: MA/webrtc2-1/SSM/Sender_"ScreenShare":2/Sender Not setting up audio mixer for non-audio stream @ https://teams.public.onecdn.static.microsoft/teams-modular-packages/hashed-assets/66695-834aa1548f4b95a4.js:0
[  126935ms] [ERROR] Failed to load resource: the server responded with a status of 400 () @ https://teams.microsoft.com/api/chatsvc/apac/v1/users/ME/drafts/-4.19:meeting_YzdmZTkxZWYtOGQxZi00YzYzLTg3NjktY2U1MDMzZmM1OTI3@thread.v2:0
[  126937ms] [ERROR] resolverUncaughtErrorBoundary__doNotAssignToGraphQLTeam: Uncaught error in a GraphQL resolver for operation "ComponentsComposeMessageDeleteRoamedDraftMutation", at field selection path "deleteDraftMessage" @ https://teams.public.onecdn.static.microsoft/teams-modular-packages/hashed-assets/66695-834aa1548f4b95a4.js:0
[  126938ms] [ERROR] resolverUncaughtErrorBoundary__doNotAssignToGraphQLTeam: Uncaught error in a GraphQL resolver for operation "ComponentsComposeMessageDeleteRoamedDraftMutation", at field selection path "deleteDraftMessage" - resolverType=browser - {"message":"RequireStatusFailed","locations":[],"path":["deleteDraftMessage"]} @ https://teams.public.onecdn.static.microsoft/teams-modular-packages/hashed-assets/66695-834aa1548f4b95a4.js:0
[  136636ms] [ERROR] ExperienceLifeCycleManagerV2: user not found for userContextId anon.prod.72f988bf-86f1-41af-91ab-2d7cd011db47.undefined @ https://teams.public.onecdn.static.microsoft/teams-modular-packages/hashed-assets/66695-834aa1548f4b95a4.js:0
[  136637ms] [ERROR] ExperienceLifeCycleManagerV2: user not found for userContextId anon.prod.72f988bf-86f1-41af-91ab-2d7cd011db47.undefined @ https://teams.public.onecdn.static.microsoft/teams-modular-packages/hashed-assets/66695-834aa1548f4b95a4.js:0
[  136722ms] [ERROR] resolverUncaughtErrorBoundary__doNotAssignToGraphQLTeam: Uncaught error in a GraphQL resolver for operation "ComponentsTypingIndicatorTypingUsersQuery", at field selection path "typingUsers" @ https://teams.public.onecdn.static.microsoft/teams-modular-packages/hashed-assets/66695-834aa1548f4b95a4.js:0
[  136723ms] [ERROR] resolverUncaughtErrorBoundary__doNotAssignToGraphQLTeam: Uncaught error in a GraphQL resolver for operation "ComponentsTypingIndicatorTypingUsersQuery", at field selection path "typingUsers" - resolverType=browser - {"message":"Resolver for Query.typingUsers is missing","locations":[],"path":["typingUsers"]} @ https://teams.public.onecdn.static.microsoft/teams-modular-packages/hashed-assets/66695-834aa1548f4b95a4.js:0
[  136723ms] [ERROR] resolverUncaughtErrorBoundary__doNotAssignToGraphQLTeam: Uncaught error in a GraphQL resolver for operation "ComponentsTypingIndicatorTypingUsersSubscription", at field selection path "typingUsersEvent" @ https://teams.public.onecdn.static.microsoft/teams-modular-packages/hashed-assets/66695-834aa1548f4b95a4.js:0
[  136723ms] [ERROR] resolverUncaughtErrorBoundary__doNotAssignToGraphQLTeam: Uncaught error in a GraphQL resolver for operation "ComponentsTypingIndicatorTypingUsersSubscription", at field selection path "typingUsersEvent" - resolverType=browser - {"message":"Unexpected error value: \"Subscription field must return Async Iterable. Received: undefined.\"","locations":[],"path":["typingUsersEvent"]} @ https://teams.public.onecdn.static.microsoft/teams-modular-packages/hashed-assets/66695-834aa1548f4b95a4.js:0
[  136749ms] [ERROR] resolverUncaughtErrorBoundary__doNotAssignToGraphQLTeam: Uncaught error in a GraphQL resolver for operation "ComponentsComposeMessageMobileAttachUpdatesSubscription", at field selection path "subscribeToCrossDeviceAttachType" @ https://teams.public.onecdn.static.microsoft/teams-modular-packages/hashed-assets/66695-834aa1548f4b95a4.js:0
[  136750ms] [ERROR] resolverUncaughtErrorBoundary__doNotAssignToGraphQLTeam: Uncaught error in a GraphQL resolver for operation "ComponentsComposeMessageMobileAttachUpdatesSubscription", at field selection path "subscribeToCrossDeviceAttachType" - resolverType=browser - {"message":"Cannot read properties of undefined (reading 'logger')","locations":[],"path":["subscribeToCrossDeviceAttachType"]} @ https://teams.public.onecdn.static.microsoft/teams-modular-packages/hashed-assets/66695-834aa1548f4b95a4.js:0
[  136762ms] [ERROR] resolverUncaughtErrorBoundary__doNotAssignToGraphQLTeam: Uncaught error in a GraphQL resolver for operation "ComponentsComposeMessageChannelByIdQuery" @ https://teams.public.onecdn.static.microsoft/teams-modular-packages/hashed-assets/66695-834aa1548f4b95a4.js:0
[  136762ms] [ERROR] resolverUncaughtErrorBoundary__doNotAssignToGraphQLTeam: Uncaught error in a GraphQL resolver for operation "ComponentsComposeMessageChannelByIdQuery" - resolverType=browser - {"message":"Unexpected error value: \"Variable \\\"$conversationId\\\" of required type \\\"ID!\\\" was not provided.\"","locations":[]} @ https://teams.public.onecdn.static.microsoft/teams-modular-packages/hashed-assets/66695-834aa1548f4b95a4.js:0
[  136785ms] [ERROR] CID[Core-99c1a620-a999-41c2-abf4-b5b63c37a24a] FilesValidDomainsService: files-valid-domains-service: isValidCache failed: Unexpected end of JSON input @ https://teams.public.onecdn.static.microsoft/teams-modular-packages/hashed-assets/66695-834aa1548f4b95a4.js:0
[  137027ms] [ERROR] CID[Core-99c1a620-a999-41c2-abf4-b5b63c37a24a] FilesValidDomainsService: FilesValidDomainsService: getValidDomains failed with error: Cannot read properties of undefined (reading 'map') @ https://teams.public.onecdn.static.microsoft/teams-modular-packages/hashed-assets/66695-834aa1548f4b95a4.js:0
[  137028ms] [ERROR] resolverUncaughtErrorBoundary__doNotAssignToGraphQLTeam: Uncaught error in a GraphQL resolver for operation "ComponentsFilesCommonValidFileDomainsQuery", at field selection path "filesValidDomains" @ https://teams.public.onecdn.static.microsoft/teams-modular-packages/hashed-assets/66695-834aa1548f4b95a4.js:0
[  137028ms] [ERROR] resolverUncaughtErrorBoundary__doNotAssignToGraphQLTeam: Uncaught error in a GraphQL resolver for operation "ComponentsFilesCommonValidFileDomainsQuery", at field selection path "filesValidDomains" - resolverType=browser - {"message":"FilesValidDomainsService::getValidDomains::UnhandledRuntimeException","locations":[],"path":["filesValidDomains"]} @ https://teams.public.onecdn.static.microsoft/teams-modular-packages/hashed-assets/66695-834aa1548f4b95a4.js:0
[  137031ms] [ERROR] CID[main] useGetValidFileDomains: Exception while executing validFileDomainsQuery: Error: FilesValidDomainsService::getValidDomains::UnhandledRuntimeException @ https://teams.public.onecdn.static.microsoft/teams-modular-packages/hashed-assets/66695-834aa1548f4b95a4.js:0
[  149391ms] [ERROR] [screenSharing][giveTakeControlService]: unknown control role for  @ https://teams.public.onecdn.static.microsoft/teams-modular-packages/hashed-assets/66695-834aa1548f4b95a4.js:0
[  151550ms] [ERROR] ExperienceLifeCycleManagerV2: removeWindow:: window not found for main @ https://teams.public.onecdn.static.microsoft/teams-modular-packages/hashed-assets/66695-834aa1548f4b95a4.js:0
[  151564ms] [ERROR] TrouterService: trouter [Connection] onSocketDisconnect, reason: disconnect @ https://teams.public.onecdn.static.microsoft/teams-modular-packages/hashed-assets/66695-834aa1548f4b95a4.js:0
